...........................................                              [100%]
43 passed, 2 warnings in 8.57s
